// Jest Snapshot v1, https://goo.gl/fbAQLP

exports[`PullToRefresh spec App shows PullToRefresh 1`] = `
<div
  style={
    Object {
      "WebkitOverflowScrolling": "touch",
      "backgroundColor": "white",
      "height": "auto",
      "overflow": "hidden",
      "position": "relative",
      "zIndex": 1,
    }
  }
>
  <div
    style={
      Object {
        "left": 0,
        "overflow": "hidden",
        "position": "absolute",
        "right": 0,
        "top": 0,
        "visibility": "visible",
      }
    }
  >
    <div>
      Pull Down
    </div>
  </div>
  <div
    style={
      Object {
        "WebkitOverflowScrolling": "touch",
        "backgroundColor": "white",
        "height": "auto",
        "overflow": "hidden",
        "position": "relative",
        "zIndex": 1,
      }
    }
  >
    <div>
      Test
    </div>
  </div>
</div>
`;
